/usr/local/tools/Synopsys/syn/V-2023.12-SP5/auxx/gui/dv/dv_setup.tcl
/usr/local/tools/Synopsys/syn/V-2023.12-SP5/auxx/gui/syn/snpsSynProcs.tcl
/usr/local/tools/Synopsys/syn/V-2023.12-SP5/auxx/gui/syn/layout/pkgIndex.tcl
/usr/local/tools/Synopsys/syn/V-2023.12-SP5/auxx/gui/common/3dic/pkgIndex.tcl
/usr/local/tools/Synopsys/syn/V-2023.12-SP5/auxx/gui/common/3dlayout/pkgIndex.tcl
/usr/local/tools/Synopsys/syn/V-2023.12-SP5/auxx/gui/common/3dmodel/pkgIndex.tcl
/usr/local/tools/Synopsys/syn/V-2023.12-SP5/auxx/gui/common/WindowFrameWork/pkgIndex.tcl
/usr/local/tools/Synopsys/syn/V-2023.12-SP5/auxx/gui/common/acg/pkgIndex.tcl
/usr/local/tools/Synopsys/syn/V-2023.12-SP5/auxx/gui/common/charts/pkgIndex.tcl
/usr/local/tools/Synopsys/syn/V-2023.12-SP5/auxx/gui/common/commandform/pkgIndex.tcl
/usr/local/tools/Synopsys/syn/V-2023.12-SP5/auxx/gui/common/dialogs/pkgIndex.tcl
/usr/local/tools/Synopsys/syn/V-2023.12-SP5/auxx/gui/common/docBrowser/pkgIndex.tcl
/usr/local/tools/Synopsys/syn/V-2023.12-SP5/auxx/gui/common/hierAttrView/pkgIndex.tcl
/usr/local/tools/Synopsys/syn/V-2023.12-SP5/auxx/gui/common/hierarchy/pkgIndex.tcl
/usr/local/tools/Synopsys/syn/V-2023.12-SP5/auxx/gui/common/highlight/pkgIndex.tcl
/usr/local/tools/Synopsys/syn/V-2023.12-SP5/auxx/gui/common/histogram/pkgIndex.tcl
/usr/local/tools/Synopsys/syn/V-2023.12-SP5/auxx/gui/common/layout/pkgIndex.tcl
/usr/local/tools/Synopsys/syn/V-2023.12-SP5/auxx/gui/common/libviewer/pkgIndex.tcl
/usr/local/tools/Synopsys/syn/V-2023.12-SP5/auxx/gui/common/menus/pkgIndex.tcl
/usr/local/tools/Synopsys/syn/V-2023.12-SP5/auxx/gui/common/misc/pkgIndex.tcl
/usr/local/tools/Synopsys/syn/V-2023.12-SP5/auxx/gui/common/mrupalette/pkgIndex.tcl
/usr/local/tools/Synopsys/syn/V-2023.12-SP5/auxx/gui/common/opdlg/pkgIndex.tcl
/usr/local/tools/Synopsys/syn/V-2023.12-SP5/auxx/gui/common/palettegroup/pkgIndex.tcl
/usr/local/tools/Synopsys/syn/V-2023.12-SP5/auxx/gui/common/propertyEditor/pkgIndex.tcl
/usr/local/tools/Synopsys/syn/V-2023.12-SP5/auxx/gui/common/qtcl/pkgIndex.tcl
/usr/local/tools/Synopsys/syn/V-2023.12-SP5/auxx/gui/common/regressionToolkit/pkgIndex.tcl
/usr/local/tools/Synopsys/syn/V-2023.12-SP5/auxx/gui/common/rtlxref/pkgIndex.tcl
/usr/local/tools/Synopsys/syn/V-2023.12-SP5/auxx/gui/common/schematic/pkgIndex.tcl
/usr/local/tools/Synopsys/syn/V-2023.12-SP5/auxx/gui/common/select/pkgIndex.tcl
/usr/local/tools/Synopsys/syn/V-2023.12-SP5/auxx/gui/common/setup/pkgIndex.tcl
/usr/local/tools/Synopsys/syn/V-2023.12-SP5/auxx/gui/common/strokes/pkgIndex.tcl
/usr/local/tools/Synopsys/syn/V-2023.12-SP5/auxx/gui/common/table/pkgIndex.tcl
/usr/local/tools/Synopsys/syn/V-2023.12-SP5/auxx/gui/common/taskassistant/pkgIndex.tcl
/usr/local/tools/Synopsys/syn/V-2023.12-SP5/auxx/gui/common/tcl-dp/pkgIndex.tcl
/usr/local/tools/Synopsys/syn/V-2023.12-SP5/auxx/gui/common/tiledview/pkgIndex.tcl
/usr/local/tools/Synopsys/syn/V-2023.12-SP5/auxx/gui/common/timing/pkgIndex.tcl
/usr/local/tools/Synopsys/syn/V-2023.12-SP5/auxx/gui/common/tq/pkgIndex.tcl
/usr/local/tools/Synopsys/syn/V-2023.12-SP5/auxx/gui/common/utable/pkgIndex.tcl
/usr/local/tools/Synopsys/syn/V-2023.12-SP5/auxx/gui/common/view/pkgIndex.tcl
/usr/local/tools/Synopsys/syn/V-2023.12-SP5/auxx/gui/dv/pkgIndex.tcl
/usr/local/tools/Synopsys/syn/V-2023.12-SP5/auxx/syn/lib/pkgIndex.tcl
/usr/local/tools/Synopsys/syn/V-2023.12-SP5/auxx/tcllib/lib/itcl4.2.1/pkgIndex.tcl
/usr/local/tools/Synopsys/syn/V-2023.12-SP5/auxx/tcllib/lib/iwidgets4.1/pkgIndex.tcl
/usr/local/tools/Synopsys/syn/V-2023.12-SP5/auxx/tcllib/snps_tcl/snpsTclPro/pkgIndex.tcl
/usr/local/tools/Synopsys/syn/V-2023.12-SP5/auxx/tcllib/snps_tcl/snpsTest/pkgIndex.tcl
/usr/local/tools/Synopsys/syn/V-2023.12-SP5/auxx/tcllib/snps_tcl/snpsUtils/pkgIndex.tcl
/usr/local/tools/Synopsys/syn/V-2023.12-SP5/auxx/tcllib/snps_tcl/pkgIndex.tcl
/usr/local/tools/Synopsys/syn/V-2023.12-SP5/auxx/tcllib/lib/tcl8.6/dde/pkgIndex.tcl
/usr/local/tools/Synopsys/syn/V-2023.12-SP5/auxx/tcllib/lib/tcl8.6/http/pkgIndex.tcl
/usr/local/tools/Synopsys/syn/V-2023.12-SP5/auxx/tcllib/lib/tcl8.6/http1.0/pkgIndex.tcl
/usr/local/tools/Synopsys/syn/V-2023.12-SP5/auxx/tcllib/lib/tcl8.6/msgcat/pkgIndex.tcl
/usr/local/tools/Synopsys/syn/V-2023.12-SP5/auxx/tcllib/lib/tcl8.6/opt/pkgIndex.tcl
/usr/local/tools/Synopsys/syn/V-2023.12-SP5/auxx/tcllib/lib/tcl8.6/platform/pkgIndex.tcl
/usr/local/tools/Synopsys/syn/V-2023.12-SP5/auxx/tcllib/lib/tcl8.6/reg/pkgIndex.tcl
/usr/local/tools/Synopsys/syn/V-2023.12-SP5/auxx/tcllib/lib/tcl8.6/tcltest/pkgIndex.tcl
/usr/local/tools/Synopsys/syn/V-2023.12-SP5/auxx/gui/common/setup/snpsCommonSetup.tcl
/usr/local/tools/Synopsys/syn/V-2023.12-SP5/auxx/gui/common/setup/snpsCustomize.tcl
/usr/local/tools/Synopsys/syn/V-2023.12-SP5/auxx/gui/common/setup/snpsProcheck.tcl
/usr/local/tools/Synopsys/syn/V-2023.12-SP5/auxx/gui/common/misc/base.tcl
/usr/local/tools/Synopsys/syn/V-2023.12-SP5/auxx/gui/common/misc/timing.tcl
/usr/local/tools/Synopsys/syn/V-2023.12-SP5/auxx/gui/common/misc/setting.tcl
/usr/local/tools/Synopsys/syn/V-2023.12-SP5/auxx/gui/common/misc/preset.tcl
/usr/local/tools/Synopsys/syn/V-2023.12-SP5/auxx/gui/common/WindowFrameWork/windowFrameWork.tcl
/usr/local/tools/Synopsys/syn/V-2023.12-SP5/auxx/gui/common/WindowFrameWork/skipBusyCursorCmdList.tcl
/usr/local/tools/Synopsys/syn/V-2023.12-SP5/auxx/gui/common/qtcl/.synopsys_qtcl.tcl
/usr/local/tools/Synopsys/syn/V-2023.12-SP5/auxx/gui/common/highlight/highlight.tcl
/usr/local/tools/Synopsys/syn/V-2023.12-SP5/auxx/gui/common/palettegroup/palettegroup.tcl
/usr/local/tools/Synopsys/syn/V-2023.12-SP5/auxx/gui/common/commandform/commandform.tcl
/usr/local/tools/Synopsys/syn/V-2023.12-SP5/auxx/gui/common/tiledview/tiledview.tcl
/usr/local/tools/Synopsys/syn/V-2023.12-SP5/auxx/gui/common/docBrowser/docBrowser.tcl
/usr/local/tools/Synopsys/syn/V-2023.12-SP5/auxx/tcllib/snps_tcl/snpsUtils/snpsUtils.tcl
/usr/local/tools/Synopsys/syn/V-2023.12-SP5/auxx/gui/common/dialogs/ObjectChooser.tcl
/usr/local/tools/Synopsys/syn/V-2023.12-SP5/auxx/gui/common/misc/DialogObjectChooser.tcl
/usr/local/tools/Synopsys/syn/V-2023.12-SP5/auxx/gui/common/dialogs/HistBinInformation.tcl
/usr/local/tools/Synopsys/syn/V-2023.12-SP5/auxx/gui/common/dialogs/HistBin1Information.tcl
/usr/local/tools/Synopsys/syn/V-2023.12-SP5/auxx/gui/common/dialogs/BinsOnlyInformation.tcl
/usr/local/tools/Synopsys/syn/V-2023.12-SP5/auxx/gui/common/dialogs/FileChooser.tcl
/usr/local/tools/Synopsys/syn/V-2023.12-SP5/auxx/gui/common/dialogs/PathPinSimpleInfo.tcl
/usr/local/tools/Synopsys/syn/V-2023.12-SP5/auxx/gui/common/dialogs/PathsBasicInfo.tcl
/usr/local/tools/Synopsys/syn/V-2023.12-SP5/auxx/gui/common/dialogs/PathsBasicSimpleInfo.tcl
/usr/local/tools/Synopsys/syn/V-2023.12-SP5/auxx/gui/common/dialogs/SlctOperationInfo.tcl
/usr/local/tools/Synopsys/syn/V-2023.12-SP5/auxx/gui/common/dialogs/ObjectListInfo.tcl
/usr/local/tools/Synopsys/syn/V-2023.12-SP5/auxx/gui/common/dialogs/FanInOutInfo.tcl
/usr/local/tools/Synopsys/syn/V-2023.12-SP5/auxx/gui/common/dialogs/NumberOfLevelsChooser.tcl
/usr/local/tools/Synopsys/syn/V-2023.12-SP5/auxx/gui/common/dialogs/WindowReuseInfo.tcl
/usr/local/tools/Synopsys/syn/V-2023.12-SP5/auxx/gui/common/dialogs/ReportOutputOptionInfo.tcl
/usr/local/tools/Synopsys/syn/V-2023.12-SP5/auxx/gui/common/setup/snpsCollections.tcl
/usr/local/tools/Synopsys/syn/V-2023.12-SP5/auxx/gui/common/dialogs/CompileLinkDesign.tcl
/usr/local/tools/Synopsys/syn/V-2023.12-SP5/auxx/gui/common/histogram/base.tcl
/usr/local/tools/Synopsys/syn/V-2023.12-SP5/auxx/gui/common/histogram/DialogNetCapacitance.tcl
/usr/local/tools/Synopsys/syn/V-2023.12-SP5/auxx/gui/common/schematic/DialogPathSchematicFanInOut.tcl
/usr/local/tools/Synopsys/syn/V-2023.12-SP5/auxx/gui/common/schematic/DialogPathSchematicAddPaths.tcl
/home/yihangzu/M3DKV/bf16/syn/syn_dc.tcl
/home/yihangzu/M3DKV/bf16/syn/setup.tcl
/home/yihangzu/M3DKV/bf16/rtl/bf16_add.v
/usr/local/tools/PDK/ASAP7/asap7libs_24/db/asap7sc7p5t_22b_SIMPLE_RVT_TT_170906.db
/usr/local/tools/PDK/ASAP7/asap7libs_24/db/asap7sc7p5t_22b_INVBUF_RVT_TT_170906.db
/usr/local/tools/PDK/ASAP7/asap7libs_24/db/asap7sc7p5t_22b_AO_RVT_TT_170906.db
/usr/local/tools/PDK/ASAP7/asap7libs_24/db/asap7sc7p5t_22b_OA_RVT_TT_170906.db
/usr/local/tools/PDK/ASAP7/asap7libs_24/db/asap7sc7p5t_22b_SEQ_RVT_TT_170906.db
/usr/local/tools/Synopsys/syn/V-2023.12-SP5/libraries/syn/dw_foundation.sldb
/home/yihangzu/M3DKV/bf16/rtl/bf16_addsub_fused.v
/home/yihangzu/M3DKV/bf16/rtl/bf16_addsub_2x.v
/home/yihangzu/M3DKV/bf16/rtl/fht/fht16_bf16.v
/home/yihangzu/M3DKV/bf16/rtl/fht/fht16_bfp.v
/home/yihangzu/M3DKV/bf16/rtl/fht/bfp_to_bf16.v
/usr/local/tools/Synopsys/syn/V-2023.12-SP5/libraries/syn/gtech.db
/usr/local/tools/Synopsys/syn/V-2023.12-SP5/libraries/syn/standard.sldb
/home/yihangzu/M3DKV/bf16/syn/constraints.tcl
/usr/local/tools/PDK/ASAP7/asap7libs_24/db/asap7sc7p5t_22b_SIMPLE_RVT_TT_170906.db
/usr/local/tools/PDK/ASAP7/asap7libs_24/db/asap7sc7p5t_22b_INVBUF_RVT_TT_170906.db
/usr/local/tools/PDK/ASAP7/asap7libs_24/db/asap7sc7p5t_22b_AO_RVT_TT_170906.db
/usr/local/tools/PDK/ASAP7/asap7libs_24/db/asap7sc7p5t_22b_OA_RVT_TT_170906.db
/usr/local/tools/PDK/ASAP7/asap7libs_24/db/asap7sc7p5t_22b_SEQ_RVT_TT_170906.db
/home/yihangzu/M3DKV/bf16/syn/out/dly_float_2x_3200/alib-52/asap7sc7p5t_22b_SIMPLE_RVT_TT_170906.db.alib
/home/yihangzu/M3DKV/bf16/syn/out/dly_float_2x_3200/alib-52/asap7sc7p5t_22b_INVBUF_RVT_TT_170906.db.alib
/home/yihangzu/M3DKV/bf16/syn/out/dly_float_2x_3200/alib-52/asap7sc7p5t_22b_AO_RVT_TT_170906.db.alib
/home/yihangzu/M3DKV/bf16/syn/out/dly_float_2x_3200/alib-52/asap7sc7p5t_22b_OA_RVT_TT_170906.db.alib
/home/yihangzu/M3DKV/bf16/syn/out/dly_float_2x_3200/alib-52/asap7sc7p5t_22b_SEQ_RVT_TT_170906.db.alib
/usr/local/tools/PDK/ASAP7/asap7libs_24/db/asap7sc7p5t_22b_SIMPLE_RVT_TT_170906.db
/usr/local/tools/PDK/ASAP7/asap7libs_24/db/asap7sc7p5t_22b_INVBUF_RVT_TT_170906.db
/usr/local/tools/PDK/ASAP7/asap7libs_24/db/asap7sc7p5t_22b_AO_RVT_TT_170906.db
/usr/local/tools/PDK/ASAP7/asap7libs_24/db/asap7sc7p5t_22b_OA_RVT_TT_170906.db
/usr/local/tools/PDK/ASAP7/asap7libs_24/db/asap7sc7p5t_22b_SEQ_RVT_TT_170906.db
/home/yihangzu/M3DKV/bf16/syn/out/dly_float_2x_3200/alib-52/asap7sc7p5t_22b_SIMPLE_RVT_TT_170906.db.alib
/home/yihangzu/M3DKV/bf16/syn/out/dly_float_2x_3200/alib-52/asap7sc7p5t_22b_INVBUF_RVT_TT_170906.db.alib
/home/yihangzu/M3DKV/bf16/syn/out/dly_float_2x_3200/alib-52/asap7sc7p5t_22b_AO_RVT_TT_170906.db.alib
/home/yihangzu/M3DKV/bf16/syn/out/dly_float_2x_3200/alib-52/asap7sc7p5t_22b_OA_RVT_TT_170906.db.alib
/home/yihangzu/M3DKV/bf16/syn/out/dly_float_2x_3200/alib-52/asap7sc7p5t_22b_SEQ_RVT_TT_170906.db.alib
/usr/local/tools/PDK/ASAP7/asap7libs_24/db/asap7sc7p5t_22b_SIMPLE_RVT_TT_170906.db
/usr/local/tools/PDK/ASAP7/asap7libs_24/db/asap7sc7p5t_22b_INVBUF_RVT_TT_170906.db
/usr/local/tools/PDK/ASAP7/asap7libs_24/db/asap7sc7p5t_22b_AO_RVT_TT_170906.db
/usr/local/tools/PDK/ASAP7/asap7libs_24/db/asap7sc7p5t_22b_OA_RVT_TT_170906.db
/usr/local/tools/PDK/ASAP7/asap7libs_24/db/asap7sc7p5t_22b_SEQ_RVT_TT_170906.db
/home/yihangzu/M3DKV/bf16/syn/out/dly_float_2x_3200/alib-52/asap7sc7p5t_22b_SIMPLE_RVT_TT_170906.db.alib
/home/yihangzu/M3DKV/bf16/syn/out/dly_float_2x_3200/alib-52/asap7sc7p5t_22b_INVBUF_RVT_TT_170906.db.alib
/home/yihangzu/M3DKV/bf16/syn/out/dly_float_2x_3200/alib-52/asap7sc7p5t_22b_AO_RVT_TT_170906.db.alib
/home/yihangzu/M3DKV/bf16/syn/out/dly_float_2x_3200/alib-52/asap7sc7p5t_22b_OA_RVT_TT_170906.db.alib
/home/yihangzu/M3DKV/bf16/syn/out/dly_float_2x_3200/alib-52/asap7sc7p5t_22b_SEQ_RVT_TT_170906.db.alib
52/asap7sc7p5t_22b_SEQ_RVT_TT_170906.db.alib
